Command: /Users/petchauisui/.espressif/tools/python/v6.0.2/venv/bin/python /Users/petchauisui/.espressif/v6.0.2/esp-idf/tools/idf_monitor.py -p /dev/cu.usbserial-0001 -b 115200 --toolchain-prefix xtensa-esp32-elf- --target esp32 --revision 0 /Users/petchauisui/Desktop/Dev/Week-04-LED-and-Color-Sensing/67030351/Week-04-Lab-1/build/Week-04-Lab-1.elf /Users/petchauisui/Desktop/Dev/Week-04-LED-and-Color-Sensing/67030351/Week-04-Lab-1/build/bootloader/bootloader.elf -m '/Users/petchauisui/.espressif/tools/python/v6.0.2/venv/bin/python' '/Users/petchauisui/.espressif/v6.0.2/esp-idf/tools/idf.py'
k�j
[0;32mI (182) app_init: �ets Jul 29 2019 12:21:46[0m

rst:0x1 (POWERON_RESET),boot:0x17 (SPI_FAST_FLASH_BOOT)
configsip: 0, SPIWP:0xee
clk_drv:0x00,q_drv:0x00,d_drv:0x00,cs0_drv:0x00,hd_drv:0x00,wp_drv:0x00
mode:DIO, clock div:2
load:0x3fff0040,len:6272
load:0x40078000,len:15820
load:0x40080400,len:3920
entry 0x40080644
[0;32mI (27) boot: ESP-IDF v6.0.2 2nd stage bootloader[0m
[0;32mI (27) boot: compile time Jul 20 2026 09:51:54[0m
[0;32mI (28) boot: Multicore bootloader[0m
[0;32mI (29) boot: chip revision: v3.1[0m
[0;32mI (32) boot.esp32: SPI Speed      : 40MHz[0m
[0;32mI (35) boot.esp32: SPI Mode       : DIO[0m
[0;32mI (39) boot.esp32: SPI Flash Size : 2MB[0m
[0;32mI (42) boot: Enabling RNG early entropy source...[0m
[0;32mI (47) boot: Partition Table:[0m
[0;32mI (49) boot: ## Label            Usage          Type ST Offset   Length[0m
[0;32mI (56) boot:  0 nvs              WiFi data        01 02 00009000 00006000[0m
[0;32mI (62) boot:  1 phy_init         RF data          01 01 0000f000 00001000[0m
[0;32mI (69) boot:  2 factory          factory app      00 00 00010000 00100000[0m
[0;32mI (75) boot: End of partition table[0m
[0;32mI (79) esp_image: segment 0: paddr=00010020 vaddr=3f400020 size=08d38h ( 36152) map[0m
[0;32mI (99) esp_image: segment 1: paddr=00018d60 vaddr=3ffb0000 size=02a2ch ( 10796) load[0m
[0;32mI (104) esp_image: segment 2: paddr=0001b794 vaddr=40080000 size=04884h ( 18564) load[0m
[0;32mI (111) esp_image: segment 3: paddr=00020020 vaddr=400d0020 size=0d340h ( 54080) map[0m
[0;32mI (131) esp_image: segment 4: paddr=0002d368 vaddr=40084884 size=0630ch ( 25356) load[0m
[0;32mI (142) esp_image: segment 5: paddr=0003367c vaddr=50000000 size=00028h (    40) load[0m
[0;32mI (148) boot: Loaded app from partition at offset 0x10000[0m
[0;32mI (148) boot: Disabling RNG early entropy source...[0m
[0;32mI (160) cpu_start: Multicore app[0m
[0;32mI (168) cpu_start: GPIO 3 and 1 are used as console UART I/O pins[0m
[0;32mI (168) cpu_start: Pro cpu start user code[0m
[0;32mI (168) cpu_start: cpu freq: 160000000 Hz[0m
[0;32mI (170) app_init: Application information:[0m
[0;32mI (174) app_init: Project name:     Week-04-Lab-1[0m
[0;32mI (178) app_init: App version:      ad00c36[0m
[0;32mI (182) app_init: Compile time:     Jul 20 2026 09:51:47[0m
[0;32mI (187) app_init: ELF file SHA256:  c8c8c8d34...[0m
[0;32mI (192) app_init: ESP-IDF:          v6.0.2[0m
[0;32mI (196) efuse_init: Min chip rev:     v0.0[0m
[0;32mI (199) efuse_init: Max chip rev:     v3.99 [0m
[0;32mI (203) efuse_init: Chip rev:         v3.1[0m
[0;32mI (207) heap_init: Initializing. RAM available for dynamic allocation:[0m
[0;32mI (214) heap_init: At 3FFAE6E0 len 00001920 (6 KiB): DRAM[0m
[0;32mI (219) heap_init: At 3FFB33D0 len 0002CC30 (179 KiB): DRAM[0m
[0;32mI (224) heap_init: At 3FFE0440 len 00003AE0 (14 KiB): D/IRAM[0m
[0;32mI (229) heap_init: At 3FFE4350 len 0001BCB0 (111 KiB): D/IRAM[0m
[0;32mI (235) heap_init: At 4008AB90 len 00015470 (85 KiB): IRAM[0m
[0;33mW (241) spi_flash: Detected boya flash chip but using generic driver. For optimal functionality, enable `SPI_FLASH_SUPPORT_BOYA_CHIP` in menuconfig[0m
[0;32mI (253) spi_flash: detected chip: generic[0m
[0;32mI (257) spi_flash: flash io: dio[0m
[0;33mW (260) spi_flash: Detected size(4096k) larger than the size in the binary image header(2048k). Using the size in the binary image header.[0m
[0;32mI (273) main_task: Started on CPU0[0m
[0;32mI (273) main_task: Calling app_main()[0m
ets Jul 29 2019 12:21:46

rst:0x8 (TG1WDT_SYS_RESET),boot:0x17 (SPI_FAST_FLASH_BOOT)
configsip: 0, SPIWP:0xee
clk_drv:0x00,q_drv:0x00,d_drv:0x00,cs0_drv:0x00,hd_drv:0x00,wp_drv:0x00
mode:DIO, clock div:2
load:0x3fff0040,len:6272
load:0x40078000,len:15820
load:0x40080400,len:3920
entry 0x40080644
[0;32mI (54) boot: ESP-IDF v6.0.2 2nd stage bootloader[0m
[0;32mI (54) boot: compile time Jul 20 2026 09:51:54[0m
[0;32mI (54) boot: Multicore bootloader[0m
[0;32mI (56) boot: chip revision: v3.1[0m
[0;32mI (59) boot.esp32: SPI Speed      : 40MHz[0m
[0;32mI (63) boot.esp32: SPI Mode       : DIO[0m
[0;32mI (66) boot.esp32: SPI Flash Size : 2MB[0m
[0;33mW (70) boot.esp32: PRO CPU has been reset by WDT[0m
[0;33mW (74) boot.esp32: WDT rst info: PRO CPU PC=0x4008186e[0m
[0;33mW (79) boot.esp32: WDT rst info: APP CPU PC=0x4008aa6b[0m
[0;32mI (84) boot: Enabling RNG early entropy source...[0m
[0;32mI (88) boot: Partition Table:[0m
[0;32mI (91) boot: ## Label            Usage          Type ST Offset   Length[0m
[0;32mI (97) boot:  0 nvs              WiFi data        01 02 00009000 00006000[0m
[0;32mI (104) boot:  1 phy_init         RF data          01 01 0000f000 00001000[0m
[0;32mI (110) boot:  2 factory          factory app      00 00 00010000 00100000[0m
[0;32mI (117) boot: End of partition table[0m
[0;32mI (120) esp_image: segment 0: paddr=00010020 vaddr=3f400020 size=08d38h ( 36152) map[0m
[0;32mI (141) esp_image: segment 1: paddr=00018d60 vaddr=3ffb0000 size=02a2ch ( 10796) load[0m
[0;32mI (145) esp_image: segment 2: paddr=0001b794 vaddr=40080000 size=04884h ( 18564) load[0m
[0;32mI (153) esp_image: segment 3: paddr=00020020 vaddr=400d0020 size=0d340h ( 54080) map[0m
[0;32mI (173) esp_image: segment 4: paddr=0002d368 vaddr=40084884 size=0630ch ( 25356) load[0m
[0;32mI (183) esp_image: segment 5: paddr=0003367c vaddr=50000000 size=00028h (    40) load[0m
[0;32mI (189) boot: Loaded app from partition at offset 0x10000[0m
[0;32mI (189) boot: Disabling RNG early entropy source...[0m
[0;32mI (202) cpu_start: Multicore app[0m
[0;32mI (210) cpu_start: GPIO 3 and 1 are used as console UART I/O pins[0m
[0;32mI (210) cpu_start: Pro cpu start user code[0m
[0;32mI (210) cpu_start: cpu freq: 160000000 Hz[0m
[0;32mI (212) app_init: Application information:[0m
[0;32mI (216) app_init: Project name:     Week-04-Lab-1[0m
[0;32mI (220) app_init: App version:      ad00c36[0m
[0;32mI (224) app_init: Compile time:     Jul 20 2026 09:51:47[0m
[0;32mI (229) app_init: ELF file SHA256:  c8c8c8d34...[0m
[0;32mI (234) app_init: ESP-IDF:          v6.0.2[0m
[0;32mI (237) efuse_init: Min chip rev:     v0.0[0m
[0;32mI (241) efuse_init: Max chip rev:     v3.99 [0m
[0;32mI (245) efuse_init: Chip rev:         v3.1[0m
[0;32mI (249) heap_init: Initializing. RAM available for dynamic allocation:[0m
[0;32mI (255) heap_init: At 3FFAE6E0 len 00001920 (6 KiB): DRAM[0m
[0;32mI (260) heap_init: At 3FFB33D0 len 0002CC30 (179 KiB): DRAM[0m
[0;32mI (266) heap_init: At 3FFE0440 len 00003AE0 (14 KiB): D/IRAM[0m
[0;32mI (271) heap_init: At 3FFE4350 len 0001BCB0 (111 KiB): D/IRAM[0m
[0;32mI (277) heap_init: At 4008AB90 len 00015470 (85 KiB): IRAM[0m
[0;33mW (283) spi_flash: Detected boya flash chip but using generic driver. For optimal functionality, enable `SPI_FLASH_SUPPORT_BOYA_CHIP` in menuconfig[0m
[0;32mI (295) spi_flash: detected chip: generic[0m
[0;32mI (298) spi_flash: flash io: dio[0m
[0;33mW (301) spi_flash: Detected size(4096k) larger than the size in the binary image header(2048k). Using the size in the binary image header.[0m
[0;32mI (315) main_task: Started on CPU0[0m
[0;32mI (315) main_task: Calling app_main()[0m
ets Jul 29 2019 12:21:46

rst:0x8 (TG1WDT_SYS_RESET),boot:0x17 (SPI_FAST_FLASH_BOOT)
configsip: 0, SPIWP:0xee
clk_drv:0x00,q_drv:0x00,d_drv:0x00,cs0_drv:0x00,hd_drv:0x00,wp_drv:0x00
mode:DIO, clock div:2
load:0x3fff0040,len:6272
load:0x40078000,len:15820
load:0x40080400,len:3920
entry 0x40080644
[0;32mI (54) boot: ESP-IDF v6.0.2 2nd stage bootloader[0m
[0;32mI (54) boot: compile time Jul 20 2026 09:51:54[0m
[0;32mI (54) boot: Multicore bootloader[0m
[0;32mI (56) boot: chip revision: v3.1[0m
[0;32mI (59) boot.esp32: SPI Speed      : 40MHz[0m
[0;32mI (63) boot.esp32: SPI Mode       : DIO[0m
[0;32mI (66) boot.esp32: SPI Flash Size : 2MB[0m
[0;33mW (70) boot.esp32: PRO CPU has been reset by WDT[0m
[0;33mW (74) boot.esp32: WDT rst info: PRO CPU PC=0x4008186e[0m
[0;33mW (79) boot.esp32: WDT rst info: APP CPU PC=0x4008aa6b[0m
[0;32mI (84) boot: Enabling RNG early entropy source...[0m
[0;32mI (88) boot: Partition Table:[0m
[0;32mI (91) boot: ## Label            Usage          Type ST Offset   Length[0m
[0;32mI (97) boot:  0 nvs              WiFi data        01 02 00009000 00006000[0m
[0;32mI (104) boot:  1 phy_init         RF data          01 01 0000f000 00001000[0m
[0;32mI (110) boot:  2 factory          factory app      00 00 00010000 00100000[0m
[0;32mI (117) boot: End of partition table[0m
[0;32mI (120) esp_image: segment 0: paddr=00010020 vaddr=3f400020 size=08d38h ( 36152) map[0m
[0;32mI (141) esp_image: segment 1: paddr=00018d60 vaddr=3ffb0000 size=02a2ch ( 10796) load[0m
[0;32mI (145) esp_image: segment 2: paddr=0001b794 vaddr=40080000 size=04884h ( 18564) load[0m
[0;32mI (153) esp_image: segment 3: paddr=00020020 vaddr=400d0020 size=0d340h ( 54080) map[0m
[0;32mI (173) esp_image: segment 4: paddr=0002d368 vaddr=40084884 size=0630ch ( 25356) load[0m
[0;32mI (183) esp_image: segment 5: paddr=0003367c vaddr=50000000 size=00028h (    40) load[0m
[0;32mI (189) boot: Loaded app from partition at offset 0x10000[0m
[0;32mI (189) boot: Disabling RNG early entropy source...[0m
[0;32mI (202) cpu_start: Multicore app[0m
[0;32mI (210) cpu_start: GPIO 3 and 1 are used as console UART I/O pins[0m
[0;32mI (210) cpu_start: Pro cpu start user code[0m
[0;32mI (210) cpu_start: cpu freq: 160000000 Hz[0m
[0;32mI (212) app_init: Application information:[0m
[0;32mI (216) app_init: Project name:     Week-04-Lab-1[0m
[0;32mI (220) app_init: App version:      ad00c36[0m
[0;32mI (224) app_init: Compile time:     Jul 20 2026 09:51:47[0m
[0;32mI (229) app_init: ELF file SHA256:  c8c8c8d34...[0m
[0;32mI (234) app_init: ESP-IDF:          v6.0.2[0m
[0;32mI (237) efuse_init: Min chip rev:     v0.0[0m
[0;32mI (241) efuse_init: Max chip rev:     v3.99 [0m
[0;32mI (245) efuse_init: Chip rev:         v3.1[0m
[0;32mI (249) heap_init: Initializing. RAM available for dynamic allocation:[0m
[0;32mI (255) heap_init: At 3FFAE6E0 len 00001920 (6 KiB): DRAM[0m
[0;32mI (260) heap_init: At 3FFB33D0 len 0002CC30 (179 KiB): DRAM[0m
[0;32mI (266) heap_init: At 3FFE0440 len 00003AE0 (14 KiB): D/IRAM[0m
[0;32mI (271) heap_init: At 3FFE4350 len 0001BCB0 (111 KiB): D/IRAM[0m
[0;32mI (277) heap_init: At 4008AB90 len 00015470 (85 KiB): IRAM[0m
[0;33mW (283) spi_flash: Detected boya flash chip but using generic driver. For optimal functionality, enable `SPI_FLASH_SUPPORT_BOYA_CHIP` in menuconfig[0m
[0;32mI (295) spi_flash: detected chip: generic[0m
[0;32mI (298) spi_flash: flash io: dio[0m
[0;33mW (301) spi_flash: Detected size(4096k) larger than the size in the binary image header(2048k). Using the size in the binary image header.[0m
[0;32mI (315) main_task: Started on CPU0[0m
[0;32mI (315) main_task: Calling app_main()[0m
ets Jul 29 2019 12:21:46

rst:0x8 (TG1WDT_SYS_RESET),boot:0x17 (SPI_FAST_FLASH_BOOT)
configsip: 0, SPIWP:0xee
clk_drv:0x00,q_drv:0x00,d_drv:0x00,cs0_drv:0x00,hd_drv:0x00,wp_drv:0x00
mode:DIO, clock div:2
load:0x3fff0040,len:6272
load:0x40078000,len:15820
load:0x40080400,len:3920
entry 0x40080644
[0;32mI (54) boot: ESP-IDF v6.0.2 2nd stage bootloader[0m
[0;32mI (54) boot: compile time Jul 20 2026 09:51:54[0m
[0;32mI (54) boot: Multicore bootloader[0m
[0;32mI (56) boot: chip revision: v3.1[0m
[0;32mI (59) boot.esp32: SPI Speed      : 40MHz[0m
[0;32mI (63) boot.esp32: SPI Mode       : DIO[0m
[0;32mI (66) boot.esp32: SPI Flash Size : 2MB[0m
[0;33mW (70) boot.esp32: PRO CPU has been reset by WDT[0m
[0;33mW (74) boot.esp32: WDT rst info: PRO CPU PC=0x4008186e[0m
[0;33mW (79) boot.esp32: WDT rst info: APP CPU PC=0x4008aa6b[0m
[0;32mI (84) boot: Enabling RNG early entropy source...[0m
[0;32mI (88) boot: Partition Table:[0m
[0;32mI (91) boot: ## Label            Usage          Type ST Offset   Length[0m
[0;32mI (97) boot:  0 nvs              WiFi data        01 02 00009000 00006000[0m
[0;32mI (104) boot:  1 phy_init         RF data          01 01 0000f000 00001000[0m
[0;32mI (110) boot:  2 factory          factory app      00 00 00010000 00100000[0m
[0;32mI (117) boot: End of partition table[0m
[0;32mI (120) esp_image: segment 0: paddr=00010020 vaddr=3f400020 size=08d38h ( 36152) map[0m
[0;32mI (141) esp_image: segment 1: paddr=00018d60 vaddr=3ffb0000 size=02a2ch ( 10796) load[0m
[0;32mI (145) esp_image: segment 2: paddr=0001b794 vaddr=40080000 size=04884h ( 18564) load[0m
[0;32mI (153) esp_image: segment 3: paddr=00020020 vaddr=400d0020 size=0d340h ( 54080) map[0m
[0;32mI (173) esp_image: segment 4: paddr=0002d368 vaddr=40084884 size=0630ch ( 25356) load[0m
[0;32mI (183) esp_image: segment 5: paddr=0003367c vaddr=50000000 size=00028h (    40) load[0m
[0;32mI (189) boot: Loaded app from partition at offset 0x10000[0m
[0;32mI (189) boot: Disabling RNG early entropy source...[0m
[0;32mI (202) cpu_start: Multicore app[0m
[0;32mI (210) cpu_start: GPIO 3 and 1 are used as console UART I/O pins[0m
[0;32mI (210) cpu_start: Pro cpu start user code[0m
[0;32mI (210) cpu_start: cpu freq: 160000000 Hz[0m
[0;32mI (212) app_init: Application information:[0m
[0;32mI (216) app_init: Project name:     Week-04-Lab-1[0m
[0;32mI (220) app_init: App version:      ad00c36[0m
[0;32mI (224) app_init: Compile time:     Jul 20 2026 09:51:47[0m
[0;32mI (229) app_init: ELF file SHA256:  c8c8c8d34...[0m
[0;32mI (234) app_init: ESP-IDF:          v6.0.2[0m
[0;32mI (237) efuse_init: Min chip rev:     v0.0[0m
[0;32mI (241) efuse_init: Max chip rev:     v3.99 [0m
[0;32mI (245) efuse_init: Chip rev:         v3.1[0m
[0;32mI (249) heap_init: Initializing. RAM available for dynamic allocation:[0m
[0;32mI (255) heap_init: At 3FFAE6E0 len 00001920 (6 KiB): DRAM[0m
[0;32mI (260) heap_init: At 3FFB33D0 len 0002CC30 (179 KiB): DRAM[0m
[0;32mI (266) heap_init: At 3FFE0440 len 00003AE0 (14 KiB): D/IRAM[0m
[0;32mI (271) heap_init: At 3FFE4350 len 0001BCB0 (111 KiB): D/IRAM[0m
[0;32mI (277) heap_init: At 4008AB90 len 00015470 (85 KiB): IRAM[0m
[0;33mW (283) spi_flash: Detected boya flash chip but using generic driver. For optimal functionality, enable `SPI_FLASH_SUPPORT_BOYA_CHIP` in menuconfig[0m
[0;32mI (295) spi_flash: detected chip: generic[0m
[0;32mI (298) spi_flash: flash io: dio[0m
[0;33mW (301) spi_flash: Detected size(4096k) larger than the size in the binary image header(2048k). Using the size in the binary image header.[0m
[0;32mI (315) main_task: Started on CPU0[0m
[0;32mI (315) main_task: Calling app_main()[0m
ets Jul 29 2019 12:21:46

rst:0x8 (TG1WDT_SYS_RESET),boot:0x17 (SPI_FAST_FLASH_BOOT)
configsip: 0, SPIWP:0xee
clk_drv:0x00,q_drv:0x00,d_drv:0x00,cs0_drv:0x00,hd_drv:0x00,wp_drv:0x00
mode:DIO, clock div:2
load:0x3fff0040,len:6272
load:0x40078000,len:15820
load:0x40080400,len:3920
entry 0x40080644
[0;32mI (54) boot: ESP-IDF v6.0.2 2nd stage bootloader[0m
[0;32mI (54) boot: compile time Jul 20 2026 09:51:54[0m
[0;32mI (54) boot: Multicore bootloader[0m
[0;32mI (56) boot: chip revision: v3.1[0m
[0;32mI (59) boot.esp32: SPI Speed      : 40MHz[0m
[0;32mI (63) boot.esp32: SPI Mode       : DIO[0m
[0;32mI (66) boot.esp32: SPI Flash Size : 2MB[0m
[0;33mW (70) boot.esp32: PRO CPU has been reset by WDT[0m
[0;33mW (74) boot.esp32: WDT rst info: PRO CPU PC=0x4008186e[0m
[0;33mW (79) boot.esp32: WDT rst info: APP CPU PC=0x4008aa6b[0m
[0;32mI (84) boot: Enabling RNG early entropy source...[0m
[0;32mI (88) boot: Partition Table:[0m
[0;32mI (91) boot: ## Label            Usage          Type ST Offset   Length[0m
[0;32mI (97) boot:  0 nvs              WiFi data        01 02 00009000 00006000[0m
[0;32mI (104) boot:  1 phy_init         RF data          01 01 0000f000 00001000[0m
[0;32mI (110) boot:  2 factory          factory app      00 00 00010000 00100000[0m
[0;32mI (117) boot: End of partition table[0m
[0;32mI (120) esp_image: segment 0: paddr=00010020 vaddr=3f400020 size=08d38h ( 36152) map[0m
[0;32mI (141) esp_image: segment 1: paddr=00018d60 vaddr=3ffb0000 size=02a2ch ( 10796) load[0m
[0;32mI (145) esp_image: segment 2: paddr=0001b794 vaddr=40080000 size=04884h ( 18564) load[0m
[0;32mI (153) esp_image: segment 3: paddr=00020020 vaddr=400d0020 size=0d340h ( 54080) map[0m
[0;32mI (173) esp_image: segment 4: paddr=0002d368 vaddr=40084884 size=0630ch ( 25356) load[0m
[0;32mI (183) esp_image: segment 5: paddr=0003367c vaddr=50000000 size=00028h (    40) load[0m
[0;32mI (189) boot: Loaded app from partition at offset 0x10000[0m
[0;32mI (189) boot: Disabling RNG early entropy source...[0m
[0;32mI (202) cpu_start: Multicore app[0m
[0;32mI (210) cpu_start: GPIO 3 and 1 are used as console UART I/O pins[0m
[0;32mI (210) cpu_start: Pro cpu start user code[0m
[0;32mI (210) cpu_start: cpu freq: 160000000 Hz[0m
[0;32mI (212) app_init: Application information:[0m
[0;32mI (216) app_init: Project name:     Week-04-Lab-1[0m
[0;32mI (220) app_init: App version:      ad00c36[0m
[0;32mI (224) app_init: Compile time:     Jul 20 2026 09:51:47[0m
[0;32mI (229) app_init: ELF file SHA256:  c8c8c8d34...[0m
[0;32mI (234) app_init: ESP-IDF:          v6.0.2[0m
[0;32mI (237) efuse_init: Min chip rev:     v0.0[0m
[0;32mI (241) efuse_init: Max chip rev:     v3.99 [0m
[0;32mI (245) efuse_init: Chip rev:         v3.1[0m
[0;32mI (249) heap_init: Initializing. RAM available for dynamic allocation:[0m
[0;32mI (255) heap_init: At 3FFAE6E0 len 00001920 (6 KiB): DRAM[0m
[0;32mI (260) heap_init: At 3FFB33D0 len 0002CC30 (179 KiB): DRAM[0m
[0;32mI (266) heap_init: At 3FFE0440 len 00003AE0 (14 KiB): D/IRAM[0m
[0;32mI (271) heap_init: At 3FFE4350 len 0001BCB0 (111 KiB): D/IRAM[0m
[0;32mI (277) heap_init: At 4008AB90 len 00015470 (85 KiB): IRAM[0m
[0;33mW (283) spi_flash: Detected boya flash chip but using generic driver. For optimal functionality, enable `SPI_FLASH_SUPPORT_BOYA_CHIP` in menuconfig[0m
[0;32mI (295) spi_flash: detected chip: generic[0m
[0;32mI (298) spi_flash: flash io: dio[0m
[0;33mW (301) spi_flash: Detected size(4096k) larger than the size in the binary image header(2048k). Using the size in the binary image header.[0m
[0;32mI (315) main_task: Started on CPU0[0m
[0;32mI (315) main_task: Calling app_main()[0m
